test directory comparison passes ... ok
test directory comparison fails ... ok
test file comparison passes ... ok
test file comparison fails ... ok

Name            Stmts   Miss Branch BrMiss  Cover   Missing
-----------------------------------------------------------
juxtapy             2      0      0      0   100%   
juxtapy.juxta     131      0     46      5    97%   
tests               1      0      0      0   100%   
tests.test         27      0      0      0   100%   
-----------------------------------------------------------
TOTAL             161      0     46      5    98%   
----------------------------------------------------------------------
Ran 4 tests in 0.019s

OK
